---
source: crates/telemetry-host/tests/integration_pipeline.rs
expression: stable
---
+-----+----------------+-----------------+--------------+--------------------------------------+
| Seq | Timestamp (μs) | Type            | Severity     | Payload                              |
+==============================================================================================+
| 0   | 0000           | 02 (SensorData) | 01 (Info)    | d6 d7 be e7 c2 31 79 25 … (10 bytes) |
|-----+----------------+-----------------+--------------+--------------------------------------|
| 1   | 0000           | 01 (Heartbeat)  | 02 (Warning) | 18 04 88 6b bf b7 ce 0d … (9 bytes)  |
|-----+----------------+-----------------+--------------+--------------------------------------|
| 2   | 0000           | 02 (SensorData) | 01 (Info)    | fe 4c 9e f3 16 98 2d e3 … (14 bytes) |
|-----+----------------+-----------------+--------------+--------------------------------------|
| 3   | 0000           | 05 (Control)    | 02 (Warning) | 0d b4 a3 32 57 ea                    |
|-----+----------------+-----------------+--------------+--------------------------------------|
| 4   | 0000           | 01 (Heartbeat)  | 01 (Info)    | (empty)                              |
+-----+----------------+-----------------+--------------+--------------------------------------+
